Analysis & Synthesis report for Poisson_BinToDec
Thu Dec  5 15:51:51 2024
Quartus Prime Version 21.1.1 Build 850 06/23/2022 SJ Lite Edition


---------------------
; Table of Contents ;
---------------------
  1. Legal Notice
  2. Analysis & Synthesis Summary
  3. Analysis & Synthesis Settings
  4. Parallel Compilation
  5. Analysis & Synthesis Source Files Read
  6. Analysis & Synthesis Resource Usage Summary
  7. Analysis & Synthesis Resource Utilization by Entity
  8. Analysis & Synthesis DSP Block Usage Summary
  9. State Machine - |Poisson_BinToDec|BinToDecimalDiv:connect5|state
 10. Registers Removed During Synthesis
 11. General Register Statistics
 12. Inverted Register Statistics
 13. Multiplexer Restructuring Statistics (Restructuring Performed)
 14. Parameter Settings for User Entity Instance: uart_module5:connect6
 15. Parameter Settings for Inferred Entity Instance: BinToDecimalDiv:connect5|lpm_divide:Div0
 16. Parameter Settings for Inferred Entity Instance: BinToDecimalDiv:connect5|lpm_divide:Div1
 17. Parameter Settings for Inferred Entity Instance: BinToDecimalDiv:connect5|lpm_divide:Mod1
 18. Parameter Settings for Inferred Entity Instance: BinToDecimalDiv:connect5|lpm_divide:Mod0
 19. Post-Synthesis Netlist Statistics for Top Partition
 20. Elapsed Time Per Partition
 21. Analysis & Synthesis Messages



----------------
; Legal Notice ;
----------------
Copyright (C) 2022  Intel Corporation. All rights reserved.
Your use of Intel Corporation's design tools, logic functions 
and other software and tools, and any partner logic 
functions, and any output files from any of the foregoing 
(including device programming or simulation files), and any 
associated documentation or information are expressly subject 
to the terms and conditions of the Intel Program License 
Subscription Agreement, the Intel Quartus Prime License Agreement,
the Intel FPGA IP License Agreement, or other applicable license
agreement, including, without limitation, that your use is for
the sole purpose of programming logic devices manufactured by
Intel and sold by Intel or its authorized distributors.  Please
refer to the applicable agreement for further details, at
https://fpgasoftware.intel.com/eula.



+-------------------------------------------------------------------------------+
; Analysis & Synthesis Summary                                                  ;
+---------------------------------+---------------------------------------------+
; Analysis & Synthesis Status     ; Successful - Thu Dec  5 15:51:50 2024       ;
; Quartus Prime Version           ; 21.1.1 Build 850 06/23/2022 SJ Lite Edition ;
; Revision Name                   ; Poisson_BinToDec                            ;
; Top-level Entity Name           ; Poisson_BinToDec                            ;
; Family                          ; Cyclone V                                   ;
; Logic utilization (in ALMs)     ; N/A                                         ;
; Total registers                 ; 212                                         ;
; Total pins                      ; 27                                          ;
; Total virtual pins              ; 0                                           ;
; Total block memory bits         ; 0                                           ;
; Total DSP Blocks                ; 2                                           ;
; Total HSSI RX PCSs              ; 0                                           ;
; Total HSSI PMA RX Deserializers ; 0                                           ;
; Total HSSI TX PCSs              ; 0                                           ;
; Total HSSI PMA TX Serializers   ; 0                                           ;
; Total PLLs                      ; 0                                           ;
; Total DLLs                      ; 0                                           ;
+---------------------------------+---------------------------------------------+


+---------------------------------------------------------------------------------------------------------------------------+
; Analysis & Synthesis Settings                                                                                             ;
+---------------------------------------------------------------------------------+--------------------+--------------------+
; Option                                                                          ; Setting            ; Default Value      ;
+---------------------------------------------------------------------------------+--------------------+--------------------+
; Device                                                                          ; 5CSEMA4U23C6       ;                    ;
; Top-level entity name                                                           ; Poisson_BinToDec   ; Poisson_BinToDec   ;
; Family name                                                                     ; Cyclone V          ; Cyclone V          ;
; Use smart compilation                                                           ; Off                ; Off                ;
; Enable parallel Assembler and Timing Analyzer during compilation                ; On                 ; On                 ;
; Enable compact report table                                                     ; Off                ; Off                ;
; Restructure Multiplexers                                                        ; Auto               ; Auto               ;
; MLAB Add Timing Constraints For Mixed-Port Feed-Through Mode Setting Don't Care ; Off                ; Off                ;
; Create Debugging Nodes for IP Cores                                             ; Off                ; Off                ;
; Preserve fewer node names                                                       ; On                 ; On                 ;
; Intel FPGA IP Evaluation Mode                                                   ; Enable             ; Enable             ;
; Verilog Version                                                                 ; Verilog_2001       ; Verilog_2001       ;
; VHDL Version                                                                    ; VHDL_1993          ; VHDL_1993          ;
; State Machine Processing                                                        ; Auto               ; Auto               ;
; Safe State Machine                                                              ; Off                ; Off                ;
; Extract Verilog State Machines                                                  ; On                 ; On                 ;
; Extract VHDL State Machines                                                     ; On                 ; On                 ;
; Ignore Verilog initial constructs                                               ; Off                ; Off                ;
; Iteration limit for constant Verilog loops                                      ; 5000               ; 5000               ;
; Iteration limit for non-constant Verilog loops                                  ; 250                ; 250                ;
; Add Pass-Through Logic to Inferred RAMs                                         ; On                 ; On                 ;
; Infer RAMs from Raw Logic                                                       ; On                 ; On                 ;
; Parallel Synthesis                                                              ; On                 ; On                 ;
; DSP Block Balancing                                                             ; Auto               ; Auto               ;
; NOT Gate Push-Back                                                              ; On                 ; On                 ;
; Power-Up Don't Care                                                             ; On                 ; On                 ;
; Remove Redundant Logic Cells                                                    ; Off                ; Off                ;
; Remove Duplicate Registers                                                      ; On                 ; On                 ;
; Ignore CARRY Buffers                                                            ; Off                ; Off                ;
; Ignore CASCADE Buffers                                                          ; Off                ; Off                ;
; Ignore GLOBAL Buffers                                                           ; Off                ; Off                ;
; Ignore ROW GLOBAL Buffers                                                       ; Off                ; Off                ;
; Ignore LCELL Buffers                                                            ; Off                ; Off                ;
; Ignore SOFT Buffers                                                             ; On                 ; On                 ;
; Limit AHDL Integers to 32 Bits                                                  ; Off                ; Off                ;
; Optimization Technique                                                          ; Balanced           ; Balanced           ;
; Carry Chain Length                                                              ; 70                 ; 70                 ;
; Auto Carry Chains                                                               ; On                 ; On                 ;
; Auto Open-Drain Pins                                                            ; On                 ; On                 ;
; Perform WYSIWYG Primitive Resynthesis                                           ; Off                ; Off                ;
; Auto ROM Replacement                                                            ; On                 ; On                 ;
; Auto RAM Replacement                                                            ; On                 ; On                 ;
; Auto DSP Block Replacement                                                      ; On                 ; On                 ;
; Auto Shift Register Replacement                                                 ; Auto               ; Auto               ;
; Allow Shift Register Merging across Hierarchies                                 ; Auto               ; Auto               ;
; Auto Clock Enable Replacement                                                   ; On                 ; On                 ;
; Strict RAM Replacement                                                          ; Off                ; Off                ;
; Allow Synchronous Control Signals                                               ; On                 ; On                 ;
; Force Use of Synchronous Clear Signals                                          ; Off                ; Off                ;
; Auto Resource Sharing                                                           ; Off                ; Off                ;
; Allow Any RAM Size For Recognition                                              ; Off                ; Off                ;
; Allow Any ROM Size For Recognition                                              ; Off                ; Off                ;
; Allow Any Shift Register Size For Recognition                                   ; Off                ; Off                ;
; Use LogicLock Constraints during Resource Balancing                             ; On                 ; On                 ;
; Ignore translate_off and synthesis_off directives                               ; Off                ; Off                ;
; Timing-Driven Synthesis                                                         ; On                 ; On                 ;
; Report Parameter Settings                                                       ; On                 ; On                 ;
; Report Source Assignments                                                       ; On                 ; On                 ;
; Report Connectivity Checks                                                      ; On                 ; On                 ;
; Ignore Maximum Fan-Out Assignments                                              ; Off                ; Off                ;
; Synchronization Register Chain Length                                           ; 3                  ; 3                  ;
; Power Optimization During Synthesis                                             ; Normal compilation ; Normal compilation ;
; HDL message level                                                               ; Level2             ; Level2             ;
; Suppress Register Optimization Related Messages                                 ; Off                ; Off                ;
; Number of Removed Registers Reported in Synthesis Report                        ; 5000               ; 5000               ;
; Number of Swept Nodes Reported in Synthesis Report                              ; 5000               ; 5000               ;
; Number of Inverted Registers Reported in Synthesis Report                       ; 100                ; 100                ;
; Clock MUX Protection                                                            ; On                 ; On                 ;
; Auto Gated Clock Conversion                                                     ; Off                ; Off                ;
; Block Design Naming                                                             ; Auto               ; Auto               ;
; SDC constraint protection                                                       ; Off                ; Off                ;
; Synthesis Effort                                                                ; Auto               ; Auto               ;
; Shift Register Replacement - Allow Asynchronous Clear Signal                    ; On                 ; On                 ;
; Pre-Mapping Resynthesis Optimization                                            ; Off                ; Off                ;
; Analysis & Synthesis Message Level                                              ; Medium             ; Medium             ;
; Disable Register Merging Across Hierarchies                                     ; Auto               ; Auto               ;
; Resource Aware Inference For Block RAM                                          ; On                 ; On                 ;
; Automatic Parallel Synthesis                                                    ; On                 ; On                 ;
; Partial Reconfiguration Bitstream ID                                            ; Off                ; Off                ;
+---------------------------------------------------------------------------------+--------------------+--------------------+


+------------------------------------------+
; Parallel Compilation                     ;
+----------------------------+-------------+
; Processors                 ; Number      ;
+----------------------------+-------------+
; Number detected on machine ; 4           ;
; Maximum allowed            ; 4           ;
;                            ;             ;
; Average used               ; 1.00        ;
; Maximum used               ; 4           ;
;                            ;             ;
; Usage by Processor         ; % Time Used ;
;     Processor 1            ; 100.0%      ;
;     Processor 2            ;   0.0%      ;
;     Processor 3            ;   0.0%      ;
;     Processor 4            ;   0.0%      ;
+----------------------------+-------------+


+------------------------------------------------------------------------------------------------------------------------------------------------------------------------------+
; Analysis & Synthesis Source Files Read                                                                                                                                       ;
+----------------------------------+-----------------+------------------------------+--------------------------------------------------------------------------------+---------+
; File Name with User-Entered Path ; Used in Netlist ; File Type                    ; File Name with Absolute Path                                                   ; Library ;
+----------------------------------+-----------------+------------------------------+--------------------------------------------------------------------------------+---------+
; uart_module5.vhd                 ; yes             ; User VHDL File               ; C:/Users/LabQCIOp/Desktop/gonzalo/VHDL/Poisson_BinToDec/uart_module5.vhd       ;         ;
; test_clk.vhd                     ; yes             ; User VHDL File               ; C:/Users/LabQCIOp/Desktop/gonzalo/VHDL/Poisson_BinToDec/test_clk.vhd           ;         ;
; Exp_LUT.vhd                      ; yes             ; User VHDL File               ; C:/Users/LabQCIOp/Desktop/gonzalo/VHDL/Poisson_BinToDec/Exp_LUT.vhd            ;         ;
; data_types5.vhd                  ; yes             ; User VHDL File               ; C:/Users/LabQCIOp/Desktop/gonzalo/VHDL/Poisson_BinToDec/data_types5.vhd        ;         ;
; data1_types.vhd                  ; yes             ; User VHDL File               ; C:/Users/LabQCIOp/Desktop/gonzalo/VHDL/Poisson_BinToDec/data1_types.vhd        ;         ;
; BinToDecimalDiv.vhd              ; yes             ; User VHDL File               ; C:/Users/LabQCIOp/Desktop/gonzalo/VHDL/Poisson_BinToDec/BinToDecimalDiv.vhd    ;         ;
; Poisson_BinToDec.vhd             ; yes             ; User VHDL File               ; C:/Users/LabQCIOp/Desktop/gonzalo/VHDL/Poisson_BinToDec/Poisson_BinToDec.vhd   ;         ;
; lpm_divide.tdf                   ; yes             ; Megafunction                 ; c:/intelfpga_lite/21.1/quartus/libraries/megafunctions/lpm_divide.tdf          ;         ;
; abs_divider.inc                  ; yes             ; Megafunction                 ; c:/intelfpga_lite/21.1/quartus/libraries/megafunctions/abs_divider.inc         ;         ;
; sign_div_unsign.inc              ; yes             ; Megafunction                 ; c:/intelfpga_lite/21.1/quartus/libraries/megafunctions/sign_div_unsign.inc     ;         ;
; aglobal211.inc                   ; yes             ; Megafunction                 ; c:/intelfpga_lite/21.1/quartus/libraries/megafunctions/aglobal211.inc          ;         ;
; db/lpm_divide_epo.tdf            ; yes             ; Auto-Generated Megafunction  ; C:/Users/LabQCIOp/Desktop/gonzalo/VHDL/Poisson_BinToDec/db/lpm_divide_epo.tdf  ;         ;
; db/abs_divider_nbg.tdf           ; yes             ; Auto-Generated Megafunction  ; C:/Users/LabQCIOp/Desktop/gonzalo/VHDL/Poisson_BinToDec/db/abs_divider_nbg.tdf ;         ;
; db/alt_u_div_uve.tdf             ; yes             ; Auto-Generated Megafunction  ; C:/Users/LabQCIOp/Desktop/gonzalo/VHDL/Poisson_BinToDec/db/alt_u_div_uve.tdf   ;         ;
; db/lpm_abs_nn9.tdf               ; yes             ; Auto-Generated Megafunction  ; C:/Users/LabQCIOp/Desktop/gonzalo/VHDL/Poisson_BinToDec/db/lpm_abs_nn9.tdf     ;         ;
; db/lpm_abs_4p9.tdf               ; yes             ; Auto-Generated Megafunction  ; C:/Users/LabQCIOp/Desktop/gonzalo/VHDL/Poisson_BinToDec/db/lpm_abs_4p9.tdf     ;         ;
; db/lpm_divide_bpo.tdf            ; yes             ; Auto-Generated Megafunction  ; C:/Users/LabQCIOp/Desktop/gonzalo/VHDL/Poisson_BinToDec/db/lpm_divide_bpo.tdf  ;         ;
; db/abs_divider_kbg.tdf           ; yes             ; Auto-Generated Megafunction  ; C:/Users/LabQCIOp/Desktop/gonzalo/VHDL/Poisson_BinToDec/db/abs_divider_kbg.tdf ;         ;
; db/alt_u_div_ove.tdf             ; yes             ; Auto-Generated Megafunction  ; C:/Users/LabQCIOp/Desktop/gonzalo/VHDL/Poisson_BinToDec/db/alt_u_div_ove.tdf   ;         ;
; db/lpm_abs_kn9.tdf               ; yes             ; Auto-Generated Megafunction  ; C:/Users/LabQCIOp/Desktop/gonzalo/VHDL/Poisson_BinToDec/db/lpm_abs_kn9.tdf     ;         ;
; db/lpm_divide_uio.tdf            ; yes             ; Auto-Generated Megafunction  ; C:/Users/LabQCIOp/Desktop/gonzalo/VHDL/Poisson_BinToDec/db/lpm_divide_uio.tdf  ;         ;
; db/abs_divider_4dg.tdf           ; yes             ; Auto-Generated Megafunction  ; C:/Users/LabQCIOp/Desktop/gonzalo/VHDL/Poisson_BinToDec/db/abs_divider_4dg.tdf ;         ;
; db/alt_u_div_o2f.tdf             ; yes             ; Auto-Generated Megafunction  ; C:/Users/LabQCIOp/Desktop/gonzalo/VHDL/Poisson_BinToDec/db/alt_u_div_o2f.tdf   ;         ;
+----------------------------------+-----------------+------------------------------+--------------------------------------------------------------------------------+---------+


+----------------------------------------------------------------------------------+
; Analysis & Synthesis Resource Usage Summary                                      ;
+---------------------------------------------+------------------------------------+
; Resource                                    ; Usage                              ;
+---------------------------------------------+------------------------------------+
; Estimate of Logic utilization (ALMs needed) ; 2156                               ;
;                                             ;                                    ;
; Combinational ALUT usage for logic          ; 4224                               ;
;     -- 7 input functions                    ; 0                                  ;
;     -- 6 input functions                    ; 82                                 ;
;     -- 5 input functions                    ; 87                                 ;
;     -- 4 input functions                    ; 1259                               ;
;     -- <=3 input functions                  ; 2796                               ;
;                                             ;                                    ;
; Dedicated logic registers                   ; 212                                ;
;                                             ;                                    ;
; I/O pins                                    ; 27                                 ;
;                                             ;                                    ;
; Total DSP Blocks                            ; 2                                  ;
;                                             ;                                    ;
; Maximum fan-out node                        ; BinToDecimalDiv:connect5|digit[31] ;
; Maximum fan-out                             ; 241                                ;
; Total fan-out                               ; 14271                              ;
; Average fan-out                             ; 3.18                               ;
+---------------------------------------------+------------------------------------+


+-------------------------------------------------------------------------------------------------------------------------------------------------------------------------------------------------------------------------------------------------------------------------------------------------------------------------------+
; Analysis & Synthesis Resource Utilization by Entity                                                                                                                                                                                                                                                                           ;
+------------------------------------------+---------------------+---------------------------+-------------------+------------+------+--------------+-----------------------------------------------------------------------------------------------------------------------------------------+------------------+--------------+
; Compilation Hierarchy Node               ; Combinational ALUTs ; Dedicated Logic Registers ; Block Memory Bits ; DSP Blocks ; Pins ; Virtual Pins ; Full Hierarchy Name                                                                                                                     ; Entity Name      ; Library Name ;
+------------------------------------------+---------------------+---------------------------+-------------------+------------+------+--------------+-----------------------------------------------------------------------------------------------------------------------------------------+------------------+--------------+
; |Poisson_BinToDec                        ; 4224 (75)           ; 212 (86)                  ; 0                 ; 2          ; 27   ; 0            ; |Poisson_BinToDec                                                                                                                       ; Poisson_BinToDec ; work         ;
;    |BinToDecimalDiv:connect5|            ; 4071 (189)          ; 74 (74)                   ; 0                 ; 0          ; 0    ; 0            ; |Poisson_BinToDec|BinToDecimalDiv:connect5                                                                                              ; BinToDecimalDiv  ; work         ;
;       |lpm_divide:Div0|                  ; 597 (0)             ; 0 (0)                     ; 0                 ; 0          ; 0    ; 0            ; |Poisson_BinToDec|BinToDecimalDiv:connect5|lpm_divide:Div0                                                                              ; lpm_divide       ; work         ;
;          |lpm_divide_epo:auto_generated| ; 597 (0)             ; 0 (0)                     ; 0                 ; 0          ; 0    ; 0            ; |Poisson_BinToDec|BinToDecimalDiv:connect5|lpm_divide:Div0|lpm_divide_epo:auto_generated                                                ; lpm_divide_epo   ; work         ;
;             |abs_divider_nbg:divider|    ; 597 (13)            ; 0 (0)                     ; 0                 ; 0          ; 0    ; 0            ; |Poisson_BinToDec|BinToDecimalDiv:connect5|lpm_divide:Div0|lpm_divide_epo:auto_generated|abs_divider_nbg:divider                        ; abs_divider_nbg  ; work         ;
;                |alt_u_div_uve:divider|   ; 552 (552)           ; 0 (0)                     ; 0                 ; 0          ; 0    ; 0            ; |Poisson_BinToDec|BinToDecimalDiv:connect5|lpm_divide:Div0|lpm_divide_epo:auto_generated|abs_divider_nbg:divider|alt_u_div_uve:divider  ; alt_u_div_uve    ; work         ;
;                |lpm_abs_4p9:my_abs_num|  ; 32 (32)             ; 0 (0)                     ; 0                 ; 0          ; 0    ; 0            ; |Poisson_BinToDec|BinToDecimalDiv:connect5|lpm_divide:Div0|lpm_divide_epo:auto_generated|abs_divider_nbg:divider|lpm_abs_4p9:my_abs_num ; lpm_abs_4p9      ; work         ;
;       |lpm_divide:Div1|                  ; 464 (0)             ; 0 (0)                     ; 0                 ; 0          ; 0    ; 0            ; |Poisson_BinToDec|BinToDecimalDiv:connect5|lpm_divide:Div1                                                                              ; lpm_divide       ; work         ;
;          |lpm_divide_bpo:auto_generated| ; 464 (0)             ; 0 (0)                     ; 0                 ; 0          ; 0    ; 0            ; |Poisson_BinToDec|BinToDecimalDiv:connect5|lpm_divide:Div1|lpm_divide_bpo:auto_generated                                                ; lpm_divide_bpo   ; work         ;
;             |abs_divider_kbg:divider|    ; 464 (13)            ; 0 (0)                     ; 0                 ; 0          ; 0    ; 0            ; |Poisson_BinToDec|BinToDecimalDiv:connect5|lpm_divide:Div1|lpm_divide_bpo:auto_generated|abs_divider_kbg:divider                        ; abs_divider_kbg  ; work         ;
;                |alt_u_div_ove:divider|   ; 419 (419)           ; 0 (0)                     ; 0                 ; 0          ; 0    ; 0            ; |Poisson_BinToDec|BinToDecimalDiv:connect5|lpm_divide:Div1|lpm_divide_bpo:auto_generated|abs_divider_kbg:divider|alt_u_div_ove:divider  ; alt_u_div_ove    ; work         ;
;                |lpm_abs_4p9:my_abs_num|  ; 32 (32)             ; 0 (0)                     ; 0                 ; 0          ; 0    ; 0            ; |Poisson_BinToDec|BinToDecimalDiv:connect5|lpm_divide:Div1|lpm_divide_bpo:auto_generated|abs_divider_kbg:divider|lpm_abs_4p9:my_abs_num ; lpm_abs_4p9      ; work         ;
;       |lpm_divide:Mod0|                  ; 1389 (0)            ; 0 (0)                     ; 0                 ; 0          ; 0    ; 0            ; |Poisson_BinToDec|BinToDecimalDiv:connect5|lpm_divide:Mod0                                                                              ; lpm_divide       ; work         ;
;          |lpm_divide_uio:auto_generated| ; 1389 (0)            ; 0 (0)                     ; 0                 ; 0          ; 0    ; 0            ; |Poisson_BinToDec|BinToDecimalDiv:connect5|lpm_divide:Mod0|lpm_divide_uio:auto_generated                                                ; lpm_divide_uio   ; work         ;
;             |abs_divider_4dg:divider|    ; 1389 (62)           ; 0 (0)                     ; 0                 ; 0          ; 0    ; 0            ; |Poisson_BinToDec|BinToDecimalDiv:connect5|lpm_divide:Mod0|lpm_divide_uio:auto_generated|abs_divider_4dg:divider                        ; abs_divider_4dg  ; work         ;
;                |alt_u_div_o2f:divider|   ; 1295 (1295)         ; 0 (0)                     ; 0                 ; 0          ; 0    ; 0            ; |Poisson_BinToDec|BinToDecimalDiv:connect5|lpm_divide:Mod0|lpm_divide_uio:auto_generated|abs_divider_4dg:divider|alt_u_div_o2f:divider  ; alt_u_div_o2f    ; work         ;
;                |lpm_abs_4p9:my_abs_num|  ; 32 (32)             ; 0 (0)                     ; 0                 ; 0          ; 0    ; 0            ; |Poisson_BinToDec|BinToDecimalDiv:connect5|lpm_divide:Mod0|lpm_divide_uio:auto_generated|abs_divider_4dg:divider|lpm_abs_4p9:my_abs_num ; lpm_abs_4p9      ; work         ;
;       |lpm_divide:Mod1|                  ; 1432 (0)            ; 0 (0)                     ; 0                 ; 0          ; 0    ; 0            ; |Poisson_BinToDec|BinToDecimalDiv:connect5|lpm_divide:Mod1                                                                              ; lpm_divide       ; work         ;
;          |lpm_divide_uio:auto_generated| ; 1432 (0)            ; 0 (0)                     ; 0                 ; 0          ; 0    ; 0            ; |Poisson_BinToDec|BinToDecimalDiv:connect5|lpm_divide:Mod1|lpm_divide_uio:auto_generated                                                ; lpm_divide_uio   ; work         ;
;             |abs_divider_4dg:divider|    ; 1432 (63)           ; 0 (0)                     ; 0                 ; 0          ; 0    ; 0            ; |Poisson_BinToDec|BinToDecimalDiv:connect5|lpm_divide:Mod1|lpm_divide_uio:auto_generated|abs_divider_4dg:divider                        ; abs_divider_4dg  ; work         ;
;                |alt_u_div_o2f:divider|   ; 1337 (1337)         ; 0 (0)                     ; 0                 ; 0          ; 0    ; 0            ; |Poisson_BinToDec|BinToDecimalDiv:connect5|lpm_divide:Mod1|lpm_divide_uio:auto_generated|abs_divider_4dg:divider|alt_u_div_o2f:divider  ; alt_u_div_o2f    ; work         ;
;                |lpm_abs_4p9:my_abs_num|  ; 32 (32)             ; 0 (0)                     ; 0                 ; 0          ; 0    ; 0            ; |Poisson_BinToDec|BinToDecimalDiv:connect5|lpm_divide:Mod1|lpm_divide_uio:auto_generated|abs_divider_4dg:divider|lpm_abs_4p9:my_abs_num ; lpm_abs_4p9      ; work         ;
;    |Exp_LUT:connect1|                    ; 18 (18)             ; 0 (0)                     ; 0                 ; 0          ; 0    ; 0            ; |Poisson_BinToDec|Exp_LUT:connect1                                                                                                      ; Exp_LUT          ; work         ;
;    |test_clk:connect4|                   ; 31 (31)             ; 25 (25)                   ; 0                 ; 0          ; 0    ; 0            ; |Poisson_BinToDec|test_clk:connect4                                                                                                     ; test_clk         ; work         ;
;    |uart_module5:connect6|               ; 29 (29)             ; 27 (27)                   ; 0                 ; 0          ; 0    ; 0            ; |Poisson_BinToDec|uart_module5:connect6                                                                                                 ; uart_module5     ; work         ;
+------------------------------------------+---------------------+---------------------------+-------------------+------------+------+--------------+-----------------------------------------------------------------------------------------------------------------------------------------+------------------+--------------+
Note: For table entries with two numbers listed, the numbers in parentheses indicate the number of resources of the given type used by the specific entity alone. The numbers listed outside of parentheses indicate the total resources of the given type used by the specific entity and all of its sub-entities in the hierarchy.


+-------------------------------------------------+
; Analysis & Synthesis DSP Block Usage Summary    ;
+-----------------------------------+-------------+
; Statistic                         ; Number Used ;
+-----------------------------------+-------------+
; Two Independent 18x18             ; 1           ;
; Independent 18x18 plus 36         ; 1           ;
; Total number of DSP blocks        ; 2           ;
;                                   ;             ;
; Fixed Point Unsigned Multiplier   ; 1           ;
; Fixed Point Mixed Sign Multiplier ; 1           ;
+-----------------------------------+-------------+


Encoding Type:  One-Hot
+---------------------------------------------------------------------------------------------------------------------+
; State Machine - |Poisson_BinToDec|BinToDecimalDiv:connect5|state                                                    ;
+--------------+--------------+--------------+--------------+--------------+--------------+--------------+------------+
; Name         ; state.SEND_U ; state.SEND_T ; state.SEND_H ; state.CALC_U ; state.CALC_T ; state.CALC_H ; state.IDLE ;
+--------------+--------------+--------------+--------------+--------------+--------------+--------------+------------+
; state.IDLE   ; 0            ; 0            ; 0            ; 0            ; 0            ; 0            ; 0          ;
; state.CALC_H ; 0            ; 0            ; 0            ; 0            ; 0            ; 1            ; 1          ;
; state.CALC_T ; 0            ; 0            ; 0            ; 0            ; 1            ; 0            ; 1          ;
; state.CALC_U ; 0            ; 0            ; 0            ; 1            ; 0            ; 0            ; 1          ;
; state.SEND_H ; 0            ; 0            ; 1            ; 0            ; 0            ; 0            ; 1          ;
; state.SEND_T ; 0            ; 1            ; 0            ; 0            ; 0            ; 0            ; 1          ;
; state.SEND_U ; 1            ; 0            ; 0            ; 0            ; 0            ; 0            ; 1          ;
+--------------+--------------+--------------+--------------+--------------+--------------+--------------+------------+


+-------------------------------------------------------------+
; Registers Removed During Synthesis                          ;
+----------------------------------------+--------------------+
; Register name                          ; Reason for Removal ;
+----------------------------------------+--------------------+
; p[18..31]                              ; Merged with p[17]  ;
; Total Number of Removed Registers = 14 ;                    ;
+----------------------------------------+--------------------+


+------------------------------------------------------+
; General Register Statistics                          ;
+----------------------------------------------+-------+
; Statistic                                    ; Value ;
+----------------------------------------------+-------+
; Total registers                              ; 212   ;
; Number of registers using Synchronous Clear  ; 79    ;
; Number of registers using Synchronous Load   ; 1     ;
; Number of registers using Asynchronous Clear ; 67    ;
; Number of registers using Asynchronous Load  ; 0     ;
; Number of registers using Clock Enable       ; 136   ;
; Number of registers using Preset             ; 0     ;
+----------------------------------------------+-------+


+---------------------------------------------------+
; Inverted Register Statistics                      ;
+-----------------------------------------+---------+
; Inverted Register                       ; Fan out ;
+-----------------------------------------+---------+
; uart_module5:connect6|tx_busy           ; 10      ;
; uart_module5:connect6|tx                ; 1       ;
; p[15]                                   ; 5       ;
; uart_module5:connect6|tx_buffer[0]      ; 1       ;
; uart_module5:connect6|tx_buffer[1]      ; 1       ;
; uart_module5:connect6|tx_buffer[2]      ; 1       ;
; uart_module5:connect6|tx_buffer[3]      ; 1       ;
; lfsr_reg[0]                             ; 2       ;
; uart_module5:connect6|tx_buffer[4]      ; 1       ;
; uart_module5:connect6|tx_buffer[5]      ; 1       ;
; BinToDecimalDiv:connect5|digit[0]       ; 7       ;
; BinToDecimalDiv:connect5|digit[31]      ; 241     ;
; uart_module5:connect6|tx_buffer[6]      ; 1       ;
; uart_module5:connect6|tx_buffer[7]      ; 1       ;
; uart_module5:connect6|tx_buffer[8]      ; 1       ;
; uart_module5:connect6|tx_buffer[9]      ; 1       ;
; Total number of inverted registers = 16 ;         ;
+-----------------------------------------+---------+


+---------------------------------------------------------------------------------------------------------------------------------------------------------------------+
; Multiplexer Restructuring Statistics (Restructuring Performed)                                                                                                      ;
+--------------------+-----------+---------------+----------------------+------------------------+------------+-------------------------------------------------------+
; Multiplexer Inputs ; Bus Width ; Baseline Area ; Area if Restructured ; Saving if Restructured ; Registered ; Example Multiplexer Output                            ;
+--------------------+-----------+---------------+----------------------+------------------------+------------+-------------------------------------------------------+
; 3:1                ; 4 bits    ; 8 LEs         ; 4 LEs                ; 4 LEs                  ; Yes        ; |Poisson_BinToDec|uart_module5:connect6|tx_count[3]   ;
; 7:1                ; 15 bits   ; 60 LEs        ; 30 LEs               ; 30 LEs                 ; Yes        ; |Poisson_BinToDec|BinToDecimalDiv:connect5|digit[30]  ;
; 7:1                ; 14 bits   ; 56 LEs        ; 42 LEs               ; 14 LEs                 ; Yes        ; |Poisson_BinToDec|BinToDecimalDiv:connect5|digit[2]   ;
; 7:1                ; 8 bits    ; 32 LEs        ; 16 LEs               ; 16 LEs                 ; Yes        ; |Poisson_BinToDec|BinToDecimalDiv:connect5|tx_data[4] ;
; 3:1                ; 2 bits    ; 4 LEs         ; 2 LEs                ; 2 LEs                  ; Yes        ; |Poisson_BinToDec|uart_module5:connect6|tx_buffer[1]  ;
; 3:1                ; 7 bits    ; 14 LEs        ; 7 LEs                ; 7 LEs                  ; Yes        ; |Poisson_BinToDec|uart_module5:connect6|tx_buffer[8]  ;
+--------------------+-----------+---------------+----------------------+------------------------+------------+-------------------------------------------------------+


+--------------------------------------------------------------------+
; Parameter Settings for User Entity Instance: uart_module5:connect6 ;
+----------------+----------+----------------------------------------+
; Parameter Name ; Value    ; Type                                   ;
+----------------+----------+----------------------------------------+
; clk_freq       ; 50000000 ; Signed Integer                         ;
; baud_rate      ; 115200   ; Signed Integer                         ;
; os_rate        ; 16       ; Signed Integer                         ;
; d_width        ; 8        ; Signed Integer                         ;
+----------------+----------+----------------------------------------+
Note: In order to hide this table in the UI and the text report file, please set the "Show Parameter Settings in Synthesis Report" option in "Analysis and Synthesis Settings -> More Settings" to "Off".


+-------------------------------------------------------------------------------------------+
; Parameter Settings for Inferred Entity Instance: BinToDecimalDiv:connect5|lpm_divide:Div0 ;
+------------------------+----------------+-------------------------------------------------+
; Parameter Name         ; Value          ; Type                                            ;
+------------------------+----------------+-------------------------------------------------+
; LPM_WIDTHN             ; 32             ; Untyped                                         ;
; LPM_WIDTHD             ; 8              ; Untyped                                         ;
; LPM_NREPRESENTATION    ; SIGNED         ; Untyped                                         ;
; LPM_DREPRESENTATION    ; SIGNED         ; Untyped                                         ;
; LPM_PIPELINE           ; 0              ; Untyped                                         ;
; LPM_REMAINDERPOSITIVE  ; FALSE          ; Untyped                                         ;
; MAXIMIZE_SPEED         ; 5              ; Untyped                                         ;
; CBXI_PARAMETER         ; lpm_divide_epo ; Untyped                                         ;
; CARRY_CHAIN            ; MANUAL         ; Untyped                                         ;
; OPTIMIZE_FOR_SPEED     ; 5              ; Untyped                                         ;
; AUTO_CARRY_CHAINS      ; ON             ; AUTO_CARRY                                      ;
; IGNORE_CARRY_BUFFERS   ; OFF            ; IGNORE_CARRY                                    ;
; AUTO_CASCADE_CHAINS    ; ON             ; AUTO_CASCADE                                    ;
; IGNORE_CASCADE_BUFFERS ; OFF            ; IGNORE_CASCADE                                  ;
+------------------------+----------------+-------------------------------------------------+
Note: In order to hide this table in the UI and the text report file, please set the "Show Parameter Settings in Synthesis Report" option in "Analysis and Synthesis Settings -> More Settings" to "Off".


+-------------------------------------------------------------------------------------------+
; Parameter Settings for Inferred Entity Instance: BinToDecimalDiv:connect5|lpm_divide:Div1 ;
+------------------------+----------------+-------------------------------------------------+
; Parameter Name         ; Value          ; Type                                            ;
+------------------------+----------------+-------------------------------------------------+
; LPM_WIDTHN             ; 32             ; Untyped                                         ;
; LPM_WIDTHD             ; 5              ; Untyped                                         ;
; LPM_NREPRESENTATION    ; SIGNED         ; Untyped                                         ;
; LPM_DREPRESENTATION    ; SIGNED         ; Untyped                                         ;
; LPM_PIPELINE           ; 0              ; Untyped                                         ;
; LPM_REMAINDERPOSITIVE  ; FALSE          ; Untyped                                         ;
; MAXIMIZE_SPEED         ; 5              ; Untyped                                         ;
; CBXI_PARAMETER         ; lpm_divide_bpo ; Untyped                                         ;
; CARRY_CHAIN            ; MANUAL         ; Untyped                                         ;
; OPTIMIZE_FOR_SPEED     ; 5              ; Untyped                                         ;
; AUTO_CARRY_CHAINS      ; ON             ; AUTO_CARRY                                      ;
; IGNORE_CARRY_BUFFERS   ; OFF            ; IGNORE_CARRY                                    ;
; AUTO_CASCADE_CHAINS    ; ON             ; AUTO_CASCADE                                    ;
; IGNORE_CASCADE_BUFFERS ; OFF            ; IGNORE_CASCADE                                  ;
+------------------------+----------------+-------------------------------------------------+
Note: In order to hide this table in the UI and the text report file, please set the "Show Parameter Settings in Synthesis Report" option in "Analysis and Synthesis Settings -> More Settings" to "Off".


+-------------------------------------------------------------------------------------------+
; Parameter Settings for Inferred Entity Instance: BinToDecimalDiv:connect5|lpm_divide:Mod1 ;
+------------------------+----------------+-------------------------------------------------+
; Parameter Name         ; Value          ; Type                                            ;
+------------------------+----------------+-------------------------------------------------+
; LPM_WIDTHN             ; 32             ; Untyped                                         ;
; LPM_WIDTHD             ; 32             ; Untyped                                         ;
; LPM_NREPRESENTATION    ; SIGNED         ; Untyped                                         ;
; LPM_DREPRESENTATION    ; SIGNED         ; Untyped                                         ;
; LPM_PIPELINE           ; 0              ; Untyped                                         ;
; LPM_REMAINDERPOSITIVE  ; FALSE          ; Untyped                                         ;
; MAXIMIZE_SPEED         ; 5              ; Untyped                                         ;
; CBXI_PARAMETER         ; lpm_divide_uio ; Untyped                                         ;
; CARRY_CHAIN            ; MANUAL         ; Untyped                                         ;
; OPTIMIZE_FOR_SPEED     ; 5              ; Untyped                                         ;
; AUTO_CARRY_CHAINS      ; ON             ; AUTO_CARRY                                      ;
; IGNORE_CARRY_BUFFERS   ; OFF            ; IGNORE_CARRY                                    ;
; AUTO_CASCADE_CHAINS    ; ON             ; AUTO_CASCADE                                    ;
; IGNORE_CASCADE_BUFFERS ; OFF            ; IGNORE_CASCADE                                  ;
+------------------------+----------------+-------------------------------------------------+
Note: In order to hide this table in the UI and the text report file, please set the "Show Parameter Settings in Synthesis Report" option in "Analysis and Synthesis Settings -> More Settings" to "Off".


+-------------------------------------------------------------------------------------------+
; Parameter Settings for Inferred Entity Instance: BinToDecimalDiv:connect5|lpm_divide:Mod0 ;
+------------------------+----------------+-------------------------------------------------+
; Parameter Name         ; Value          ; Type                                            ;
+------------------------+----------------+-------------------------------------------------+
; LPM_WIDTHN             ; 32             ; Untyped                                         ;
; LPM_WIDTHD             ; 32             ; Untyped                                         ;
; LPM_NREPRESENTATION    ; SIGNED         ; Untyped                                         ;
; LPM_DREPRESENTATION    ; SIGNED         ; Untyped                                         ;
; LPM_PIPELINE           ; 0              ; Untyped                                         ;
; LPM_REMAINDERPOSITIVE  ; FALSE          ; Untyped                                         ;
; MAXIMIZE_SPEED         ; 5              ; Untyped                                         ;
; CBXI_PARAMETER         ; lpm_divide_uio ; Untyped                                         ;
; CARRY_CHAIN            ; MANUAL         ; Untyped                                         ;
; OPTIMIZE_FOR_SPEED     ; 5              ; Untyped                                         ;
; AUTO_CARRY_CHAINS      ; ON             ; AUTO_CARRY                                      ;
; IGNORE_CARRY_BUFFERS   ; OFF            ; IGNORE_CARRY                                    ;
; AUTO_CASCADE_CHAINS    ; ON             ; AUTO_CASCADE                                    ;
; IGNORE_CASCADE_BUFFERS ; OFF            ; IGNORE_CASCADE                                  ;
+------------------------+----------------+-------------------------------------------------+
Note: In order to hide this table in the UI and the text report file, please set the "Show Parameter Settings in Synthesis Report" option in "Analysis and Synthesis Settings -> More Settings" to "Off".


+-----------------------------------------------------+
; Post-Synthesis Netlist Statistics for Top Partition ;
+-----------------------+-----------------------------+
; Type                  ; Count                       ;
+-----------------------+-----------------------------+
; arriav_ff             ; 212                         ;
;     CLR               ; 20                          ;
;     CLR SCLR          ; 41                          ;
;     CLR SLD           ; 1                           ;
;     ENA               ; 93                          ;
;     ENA CLR           ; 5                           ;
;     ENA SCLR          ; 38                          ;
;     plain             ; 14                          ;
; arriav_lcell_comb     ; 4227                        ;
;     arith             ; 2005                        ;
;         0 data inputs ; 217                         ;
;         1 data inputs ; 265                         ;
;         2 data inputs ; 166                         ;
;         3 data inputs ; 658                         ;
;         4 data inputs ; 699                         ;
;     normal            ; 2196                        ;
;         0 data inputs ; 1                           ;
;         1 data inputs ; 9                           ;
;         2 data inputs ; 1351                        ;
;         3 data inputs ; 106                         ;
;         4 data inputs ; 560                         ;
;         5 data inputs ; 87                          ;
;         6 data inputs ; 82                          ;
;     shared            ; 26                          ;
;         0 data inputs ; 4                           ;
;         1 data inputs ; 22                          ;
; arriav_mac            ; 2                           ;
; boundary_port         ; 27                          ;
;                       ;                             ;
; Max LUT depth         ; 90.20                       ;
; Average LUT depth     ; 69.56                       ;
+-----------------------+-----------------------------+


+-------------------------------+
; Elapsed Time Per Partition    ;
+----------------+--------------+
; Partition Name ; Elapsed Time ;
+----------------+--------------+
; Top            ; 00:00:15     ;
+----------------+--------------+


+-------------------------------+
; Analysis & Synthesis Messages ;
+-------------------------------+
Info: *******************************************************************
Info: Running Quartus Prime Analysis & Synthesis
    Info: Version 21.1.1 Build 850 06/23/2022 SJ Lite Edition
    Info: Processing started: Thu Dec  5 15:50:42 2024
Info: Command: quartus_map --read_settings_files=on --write_settings_files=off Poisson_BinToDec -c Poisson_BinToDec
Warning (18236): Number of processors has not been specified which may cause overloading on shared machines.  Set the global assignment NUM_PARALLEL_PROCESSORS in your QSF to an appropriate value for best performance.
Info (20030): Parallel compilation is enabled and will use 4 of the 4 processors detected
Info (12021): Found 2 design units, including 1 entities, in source file uart_module5.vhd
    Info (12022): Found design unit 1: uart_module5-logic File: C:/Users/LabQCIOp/Desktop/gonzalo/VHDL/Poisson_BinToDec/uart_module5.vhd Line: 52
    Info (12023): Found entity 1: uart_module5 File: C:/Users/LabQCIOp/Desktop/gonzalo/VHDL/Poisson_BinToDec/uart_module5.vhd Line: 31
Info (12021): Found 2 design units, including 1 entities, in source file test_clk.vhd
    Info (12022): Found design unit 1: test_clk-bhl File: C:/Users/LabQCIOp/Desktop/gonzalo/VHDL/Poisson_BinToDec/test_clk.vhd Line: 19
    Info (12023): Found entity 1: test_clk File: C:/Users/LabQCIOp/Desktop/gonzalo/VHDL/Poisson_BinToDec/test_clk.vhd Line: 9
Info (12021): Found 2 design units, including 1 entities, in source file exp_lut.vhd
    Info (12022): Found design unit 1: Exp_LUT-Behavioral File: C:/Users/LabQCIOp/Desktop/gonzalo/VHDL/Poisson_BinToDec/Exp_LUT.vhd Line: 11
    Info (12023): Found entity 1: Exp_LUT File: C:/Users/LabQCIOp/Desktop/gonzalo/VHDL/Poisson_BinToDec/Exp_LUT.vhd Line: 5
Info (12021): Found 1 design units, including 0 entities, in source file data_types5.vhd
    Info (12022): Found design unit 1: data_types5 File: C:/Users/LabQCIOp/Desktop/gonzalo/VHDL/Poisson_BinToDec/data_types5.vhd Line: 5
Info (12021): Found 1 design units, including 0 entities, in source file data1_types.vhd
    Info (12022): Found design unit 1: data1_types File: C:/Users/LabQCIOp/Desktop/gonzalo/VHDL/Poisson_BinToDec/data1_types.vhd Line: 5
Info (12021): Found 2 design units, including 1 entities, in source file bintodecimaldiv.vhd
    Info (12022): Found design unit 1: BinToDecimalDiv-Behavioral File: C:/Users/LabQCIOp/Desktop/gonzalo/VHDL/Poisson_BinToDec/BinToDecimalDiv.vhd Line: 27
    Info (12023): Found entity 1: BinToDecimalDiv File: C:/Users/LabQCIOp/Desktop/gonzalo/VHDL/Poisson_BinToDec/BinToDecimalDiv.vhd Line: 5
Info (12021): Found 2 design units, including 1 entities, in source file poisson_bintodec.vhd
    Info (12022): Found design unit 1: Poisson_BinToDec-Behavioral File: C:/Users/LabQCIOp/Desktop/gonzalo/VHDL/Poisson_BinToDec/Poisson_BinToDec.vhd Line: 35
    Info (12023): Found entity 1: Poisson_BinToDec File: C:/Users/LabQCIOp/Desktop/gonzalo/VHDL/Poisson_BinToDec/Poisson_BinToDec.vhd Line: 10
Info (12127): Elaborating entity "Poisson_BinToDec" for the top level hierarchy
Warning (10541): VHDL Signal Declaration warning at Poisson_BinToDec.vhd(20): used implicit default value for signal "o_short_eoc" because signal was never assigned a value or an explicit default value. Use of implicit default value may introduce unintended design optimizations. File: C:/Users/LabQCIOp/Desktop/gonzalo/VHDL/Poisson_BinToDec/Poisson_BinToDec.vhd Line: 20
Warning (10541): VHDL Signal Declaration warning at Poisson_BinToDec.vhd(22): used implicit default value for signal "counter_out" because signal was never assigned a value or an explicit default value. Use of implicit default value may introduce unintended design optimizations. File: C:/Users/LabQCIOp/Desktop/gonzalo/VHDL/Poisson_BinToDec/Poisson_BinToDec.vhd Line: 22
Warning (10541): VHDL Signal Declaration warning at Poisson_BinToDec.vhd(23): used implicit default value for signal "pulse_out" because signal was never assigned a value or an explicit default value. Use of implicit default value may introduce unintended design optimizations. File: C:/Users/LabQCIOp/Desktop/gonzalo/VHDL/Poisson_BinToDec/Poisson_BinToDec.vhd Line: 23
Warning (10036): Verilog HDL or VHDL warning at Poisson_BinToDec.vhd(40): object "flag" assigned a value but never read File: C:/Users/LabQCIOp/Desktop/gonzalo/VHDL/Poisson_BinToDec/Poisson_BinToDec.vhd Line: 40
Warning (10540): VHDL Signal Declaration warning at Poisson_BinToDec.vhd(44): used explicit default value for signal "Mfactor" because signal was never assigned a value File: C:/Users/LabQCIOp/Desktop/gonzalo/VHDL/Poisson_BinToDec/Poisson_BinToDec.vhd Line: 44
Warning (10541): VHDL Signal Declaration warning at Poisson_BinToDec.vhd(49): used implicit default value for signal "capture_buffer" because signal was never assigned a value or an explicit default value. Use of implicit default value may introduce unintended design optimizations. File: C:/Users/LabQCIOp/Desktop/gonzalo/VHDL/Poisson_BinToDec/Poisson_BinToDec.vhd Line: 49
Warning (10036): Verilog HDL or VHDL warning at Poisson_BinToDec.vhd(54): object "captured_numbers" assigned a value but never read File: C:/Users/LabQCIOp/Desktop/gonzalo/VHDL/Poisson_BinToDec/Poisson_BinToDec.vhd Line: 54
Warning (10492): VHDL Process Statement warning at Poisson_BinToDec.vhd(178): signal "Mfactor" is read inside the Process Statement but isn't in the Process Statement's sensitivity list File: C:/Users/LabQCIOp/Desktop/gonzalo/VHDL/Poisson_BinToDec/Poisson_BinToDec.vhd Line: 178
Info (12128): Elaborating entity "Exp_LUT" for hierarchy "Exp_LUT:connect1" File: C:/Users/LabQCIOp/Desktop/gonzalo/VHDL/Poisson_BinToDec/Poisson_BinToDec.vhd Line: 250
Info (12128): Elaborating entity "test_clk" for hierarchy "test_clk:connect4" File: C:/Users/LabQCIOp/Desktop/gonzalo/VHDL/Poisson_BinToDec/Poisson_BinToDec.vhd Line: 281
Info (12128): Elaborating entity "BinToDecimalDiv" for hierarchy "BinToDecimalDiv:connect5" File: C:/Users/LabQCIOp/Desktop/gonzalo/VHDL/Poisson_BinToDec/Poisson_BinToDec.vhd Line: 289
Info (12128): Elaborating entity "uart_module5" for hierarchy "uart_module5:connect6" File: C:/Users/LabQCIOp/Desktop/gonzalo/VHDL/Poisson_BinToDec/Poisson_BinToDec.vhd Line: 302
Warning (10036): Verilog HDL or VHDL warning at uart_module5.vhd(58): object "os_pulse" assigned a value but never read File: C:/Users/LabQCIOp/Desktop/gonzalo/VHDL/Poisson_BinToDec/uart_module5.vhd Line: 58
Info (278001): Inferred 4 megafunctions from design logic
    Info (278004): Inferred divider/modulo megafunction ("lpm_divide") from the following logic: "BinToDecimalDiv:connect5|Div0" File: C:/Users/LabQCIOp/Desktop/gonzalo/VHDL/Poisson_BinToDec/BinToDecimalDiv.vhd Line: 86
    Info (278004): Inferred divider/modulo megafunction ("lpm_divide") from the following logic: "BinToDecimalDiv:connect5|Div1" File: C:/Users/LabQCIOp/Desktop/gonzalo/VHDL/Poisson_BinToDec/BinToDecimalDiv.vhd Line: 92
    Info (278004): Inferred divider/modulo megafunction ("lpm_divide") from the following logic: "BinToDecimalDiv:connect5|Mod1" File: C:/Users/LabQCIOp/Desktop/gonzalo/VHDL/Poisson_BinToDec/BinToDecimalDiv.vhd Line: 93
    Info (278004): Inferred divider/modulo megafunction ("lpm_divide") from the following logic: "BinToDecimalDiv:connect5|Mod0" File: C:/Users/LabQCIOp/Desktop/gonzalo/VHDL/Poisson_BinToDec/BinToDecimalDiv.vhd Line: 87
Info (12130): Elaborated megafunction instantiation "BinToDecimalDiv:connect5|lpm_divide:Div0" File: C:/Users/LabQCIOp/Desktop/gonzalo/VHDL/Poisson_BinToDec/BinToDecimalDiv.vhd Line: 86
Info (12133): Instantiated megafunction "BinToDecimalDiv:connect5|lpm_divide:Div0" with the following parameter: File: C:/Users/LabQCIOp/Desktop/gonzalo/VHDL/Poisson_BinToDec/BinToDecimalDiv.vhd Line: 86
    Info (12134): Parameter "LPM_WIDTHN" = "32"
    Info (12134): Parameter "LPM_WIDTHD" = "8"
    Info (12134): Parameter "LPM_NREPRESENTATION" = "SIGNED"
    Info (12134): Parameter "LPM_DREPRESENTATION" = "SIGNED"
    Info (12134): Parameter "LPM_HINT" = "LPM_REMAINDERPOSITIVE=FALSE"
Info (12021): Found 1 design units, including 1 entities, in source file db/lpm_divide_epo.tdf
    Info (12023): Found entity 1: lpm_divide_epo File: C:/Users/LabQCIOp/Desktop/gonzalo/VHDL/Poisson_BinToDec/db/lpm_divide_epo.tdf Line: 25
Info (12021): Found 1 design units, including 1 entities, in source file db/abs_divider_nbg.tdf
    Info (12023): Found entity 1: abs_divider_nbg File: C:/Users/LabQCIOp/Desktop/gonzalo/VHDL/Poisson_BinToDec/db/abs_divider_nbg.tdf Line: 29
Info (12021): Found 1 design units, including 1 entities, in source file db/alt_u_div_uve.tdf
    Info (12023): Found entity 1: alt_u_div_uve File: C:/Users/LabQCIOp/Desktop/gonzalo/VHDL/Poisson_BinToDec/db/alt_u_div_uve.tdf Line: 23
Info (12021): Found 1 design units, including 1 entities, in source file db/lpm_abs_nn9.tdf
    Info (12023): Found entity 1: lpm_abs_nn9 File: C:/Users/LabQCIOp/Desktop/gonzalo/VHDL/Poisson_BinToDec/db/lpm_abs_nn9.tdf Line: 23
Info (12021): Found 1 design units, including 1 entities, in source file db/lpm_abs_4p9.tdf
    Info (12023): Found entity 1: lpm_abs_4p9 File: C:/Users/LabQCIOp/Desktop/gonzalo/VHDL/Poisson_BinToDec/db/lpm_abs_4p9.tdf Line: 23
Info (12130): Elaborated megafunction instantiation "BinToDecimalDiv:connect5|lpm_divide:Div1" File: C:/Users/LabQCIOp/Desktop/gonzalo/VHDL/Poisson_BinToDec/BinToDecimalDiv.vhd Line: 92
Info (12133): Instantiated megafunction "BinToDecimalDiv:connect5|lpm_divide:Div1" with the following parameter: File: C:/Users/LabQCIOp/Desktop/gonzalo/VHDL/Poisson_BinToDec/BinToDecimalDiv.vhd Line: 92
    Info (12134): Parameter "LPM_WIDTHN" = "32"
    Info (12134): Parameter "LPM_WIDTHD" = "5"
    Info (12134): Parameter "LPM_NREPRESENTATION" = "SIGNED"
    Info (12134): Parameter "LPM_DREPRESENTATION" = "SIGNED"
    Info (12134): Parameter "LPM_HINT" = "LPM_REMAINDERPOSITIVE=FALSE"
Info (12021): Found 1 design units, including 1 entities, in source file db/lpm_divide_bpo.tdf
    Info (12023): Found entity 1: lpm_divide_bpo File: C:/Users/LabQCIOp/Desktop/gonzalo/VHDL/Poisson_BinToDec/db/lpm_divide_bpo.tdf Line: 25
Info (12021): Found 1 design units, including 1 entities, in source file db/abs_divider_kbg.tdf
    Info (12023): Found entity 1: abs_divider_kbg File: C:/Users/LabQCIOp/Desktop/gonzalo/VHDL/Poisson_BinToDec/db/abs_divider_kbg.tdf Line: 29
Info (12021): Found 1 design units, including 1 entities, in source file db/alt_u_div_ove.tdf
    Info (12023): Found entity 1: alt_u_div_ove File: C:/Users/LabQCIOp/Desktop/gonzalo/VHDL/Poisson_BinToDec/db/alt_u_div_ove.tdf Line: 23
Info (12021): Found 1 design units, including 1 entities, in source file db/lpm_abs_kn9.tdf
    Info (12023): Found entity 1: lpm_abs_kn9 File: C:/Users/LabQCIOp/Desktop/gonzalo/VHDL/Poisson_BinToDec/db/lpm_abs_kn9.tdf Line: 23
Info (12130): Elaborated megafunction instantiation "BinToDecimalDiv:connect5|lpm_divide:Mod1" File: C:/Users/LabQCIOp/Desktop/gonzalo/VHDL/Poisson_BinToDec/BinToDecimalDiv.vhd Line: 93
Info (12133): Instantiated megafunction "BinToDecimalDiv:connect5|lpm_divide:Mod1" with the following parameter: File: C:/Users/LabQCIOp/Desktop/gonzalo/VHDL/Poisson_BinToDec/BinToDecimalDiv.vhd Line: 93
    Info (12134): Parameter "LPM_WIDTHN" = "32"
    Info (12134): Parameter "LPM_WIDTHD" = "32"
    Info (12134): Parameter "LPM_NREPRESENTATION" = "SIGNED"
    Info (12134): Parameter "LPM_DREPRESENTATION" = "SIGNED"
    Info (12134): Parameter "LPM_HINT" = "LPM_REMAINDERPOSITIVE=FALSE"
Info (12021): Found 1 design units, including 1 entities, in source file db/lpm_divide_uio.tdf
    Info (12023): Found entity 1: lpm_divide_uio File: C:/Users/LabQCIOp/Desktop/gonzalo/VHDL/Poisson_BinToDec/db/lpm_divide_uio.tdf Line: 25
Info (12021): Found 1 design units, including 1 entities, in source file db/abs_divider_4dg.tdf
    Info (12023): Found entity 1: abs_divider_4dg File: C:/Users/LabQCIOp/Desktop/gonzalo/VHDL/Poisson_BinToDec/db/abs_divider_4dg.tdf Line: 27
Info (12021): Found 1 design units, including 1 entities, in source file db/alt_u_div_o2f.tdf
    Info (12023): Found entity 1: alt_u_div_o2f File: C:/Users/LabQCIOp/Desktop/gonzalo/VHDL/Poisson_BinToDec/db/alt_u_div_o2f.tdf Line: 23
Info (12130): Elaborated megafunction instantiation "BinToDecimalDiv:connect5|lpm_divide:Mod0" File: C:/Users/LabQCIOp/Desktop/gonzalo/VHDL/Poisson_BinToDec/BinToDecimalDiv.vhd Line: 87
Info (12133): Instantiated megafunction "BinToDecimalDiv:connect5|lpm_divide:Mod0" with the following parameter: File: C:/Users/LabQCIOp/Desktop/gonzalo/VHDL/Poisson_BinToDec/BinToDecimalDiv.vhd Line: 87
    Info (12134): Parameter "LPM_WIDTHN" = "32"
    Info (12134): Parameter "LPM_WIDTHD" = "32"
    Info (12134): Parameter "LPM_NREPRESENTATION" = "SIGNED"
    Info (12134): Parameter "LPM_DREPRESENTATION" = "SIGNED"
    Info (12134): Parameter "LPM_HINT" = "LPM_REMAINDERPOSITIVE=FALSE"
Warning (13024): Output pins are stuck at VCC or GND
    Warning (13410): Pin "o_short_eoc" is stuck at GND File: C:/Users/LabQCIOp/Desktop/gonzalo/VHDL/Poisson_BinToDec/Poisson_BinToDec.vhd Line: 20
    Warning (13410): Pin "counter_out[0]" is stuck at GND File: C:/Users/LabQCIOp/Desktop/gonzalo/VHDL/Poisson_BinToDec/Poisson_BinToDec.vhd Line: 22
    Warning (13410): Pin "counter_out[1]" is stuck at GND File: C:/Users/LabQCIOp/Desktop/gonzalo/VHDL/Poisson_BinToDec/Poisson_BinToDec.vhd Line: 22
    Warning (13410): Pin "counter_out[2]" is stuck at GND File: C:/Users/LabQCIOp/Desktop/gonzalo/VHDL/Poisson_BinToDec/Poisson_BinToDec.vhd Line: 22
    Warning (13410): Pin "counter_out[3]" is stuck at GND File: C:/Users/LabQCIOp/Desktop/gonzalo/VHDL/Poisson_BinToDec/Poisson_BinToDec.vhd Line: 22
    Warning (13410): Pin "counter_out[4]" is stuck at GND File: C:/Users/LabQCIOp/Desktop/gonzalo/VHDL/Poisson_BinToDec/Poisson_BinToDec.vhd Line: 22
    Warning (13410): Pin "counter_out[5]" is stuck at GND File: C:/Users/LabQCIOp/Desktop/gonzalo/VHDL/Poisson_BinToDec/Poisson_BinToDec.vhd Line: 22
    Warning (13410): Pin "counter_out[6]" is stuck at GND File: C:/Users/LabQCIOp/Desktop/gonzalo/VHDL/Poisson_BinToDec/Poisson_BinToDec.vhd Line: 22
    Warning (13410): Pin "counter_out[7]" is stuck at GND File: C:/Users/LabQCIOp/Desktop/gonzalo/VHDL/Poisson_BinToDec/Poisson_BinToDec.vhd Line: 22
    Warning (13410): Pin "pulse_out" is stuck at GND File: C:/Users/LabQCIOp/Desktop/gonzalo/VHDL/Poisson_BinToDec/Poisson_BinToDec.vhd Line: 23
Info (286030): Timing-Driven Synthesis is running
Critical Warning (18061): Ignored Power-Up Level option on the following registers
    Critical Warning (18010): Register p[15] will power up to High File: C:/Users/LabQCIOp/Desktop/gonzalo/VHDL/Poisson_BinToDec/Poisson_BinToDec.vhd Line: 175
    Critical Warning (18010): Register p[0] will power up to Low File: C:/Users/LabQCIOp/Desktop/gonzalo/VHDL/Poisson_BinToDec/Poisson_BinToDec.vhd Line: 175
Info (16010): Generating hard_block partition "hard_block:auto_generated_inst"
    Info (16011): Adding 0 node(s), including 0 DDIO, 0 PLL, 0 transceiver and 0 LCELL
Warning (21074): Design contains 1 input pin(s) that do not drive logic
    Warning (15610): No output dependent on input pin "lambda[6]" File: C:/Users/LabQCIOp/Desktop/gonzalo/VHDL/Poisson_BinToDec/Poisson_BinToDec.vhd Line: 14
Info (21057): Implemented 4296 device resources after synthesis - the final resource count might be different
    Info (21058): Implemented 9 input pins
    Info (21059): Implemented 18 output pins
    Info (21061): Implemented 4267 logic cells
    Info (21062): Implemented 2 DSP elements
Info: Quartus Prime Analysis & Synthesis was successful. 0 errors, 26 warnings
    Info: Peak virtual memory: 4935 megabytes
    Info: Processing ended: Thu Dec  5 15:51:51 2024
    Info: Elapsed time: 00:01:09
    Info: Total CPU time (on all processors): 00:00:56


